------------------------------------------------------------
Timing Analyzer Summary
------------------------------------------------------------

Type  : Slow 1100mV 85C Model Setup 'clk'
Slack : 0.099
TNS   : 0.000

Type  : Slow 1100mV 85C Model Hold 'clk'
Slack : 0.296
TNS   : 0.000

Type  : Slow 1100mV 85C Model Minimum Pulse Width 'clk'
Slack : -0.394
TNS   : -2.102

Type  : Slow 1100mV 0C Model Setup 'clk'
Slack : 0.127
TNS   : 0.000

Type  : Slow 1100mV 0C Model Hold 'clk'
Slack : 0.275
TNS   : 0.000

Type  : Slow 1100mV 0C Model Minimum Pulse Width 'clk'
Slack : -0.394
TNS   : -2.292

Type  : Fast 1100mV 85C Model Setup 'clk'
Slack : 0.417
TNS   : 0.000

Type  : Fast 1100mV 85C Model Hold 'clk'
Slack : 0.175
TNS   : 0.000

Type  : Fast 1100mV 85C Model Minimum Pulse Width 'clk'
Slack : -0.078
TNS   : -0.306

Type  : Fast 1100mV 0C Model Setup 'clk'
Slack : 0.454
TNS   : 0.000

Type  : Fast 1100mV 0C Model Hold 'clk'
Slack : 0.159
TNS   : 0.000

Type  : Fast 1100mV 0C Model Minimum Pulse Width 'clk'
Slack : -0.077
TNS   : -0.304

------------------------------------------------------------
