------------------------------------------------------------
Timing Analyzer Summary
------------------------------------------------------------

Type  : Slow 1100mV 85C Model Setup 'clk'
Slack : -0.434
TNS   : -1.297

Type  : Slow 1100mV 85C Model Hold 'clk'
Slack : 0.344
TNS   : 0.000

Type  : Slow 1100mV 85C Model Minimum Pulse Width 'clk'
Slack : -0.394
TNS   : -3.137

Type  : Slow 1100mV 0C Model Setup 'clk'
Slack : -0.417
TNS   : -1.247

Type  : Slow 1100mV 0C Model Hold 'clk'
Slack : 0.319
TNS   : 0.000

Type  : Slow 1100mV 0C Model Minimum Pulse Width 'clk'
Slack : -0.394
TNS   : -3.424

Type  : Fast 1100mV 85C Model Setup 'clk'
Slack : 0.129
TNS   : 0.000

Type  : Fast 1100mV 85C Model Hold 'clk'
Slack : 0.203
TNS   : 0.000

Type  : Fast 1100mV 85C Model Minimum Pulse Width 'clk'
Slack : -0.080
TNS   : -0.467

Type  : Fast 1100mV 0C Model Setup 'clk'
Slack : 0.184
TNS   : 0.000

Type  : Fast 1100mV 0C Model Hold 'clk'
Slack : 0.183
TNS   : 0.000

Type  : Fast 1100mV 0C Model Minimum Pulse Width 'clk'
Slack : -0.081
TNS   : -0.476

------------------------------------------------------------
