------------------------------------------------------------
Timing Analyzer Summary
------------------------------------------------------------

Type  : Slow 1100mV 85C Model Setup 'clk'
Slack : -0.171
TNS   : -0.336

Type  : Slow 1100mV 85C Model Hold 'clk'
Slack : 0.325
TNS   : 0.000

Type  : Slow 1100mV 85C Model Minimum Pulse Width 'clk'
Slack : -0.394
TNS   : -2.620

Type  : Slow 1100mV 0C Model Setup 'clk'
Slack : -0.140
TNS   : -0.274

Type  : Slow 1100mV 0C Model Hold 'clk'
Slack : 0.301
TNS   : 0.000

Type  : Slow 1100mV 0C Model Minimum Pulse Width 'clk'
Slack : -0.394
TNS   : -2.857

Type  : Fast 1100mV 85C Model Setup 'clk'
Slack : 0.275
TNS   : 0.000

Type  : Fast 1100mV 85C Model Hold 'clk'
Slack : 0.193
TNS   : 0.000

Type  : Fast 1100mV 85C Model Minimum Pulse Width 'clk'
Slack : -0.077
TNS   : -0.380

Type  : Fast 1100mV 0C Model Setup 'clk'
Slack : 0.323
TNS   : 0.000

Type  : Fast 1100mV 0C Model Hold 'clk'
Slack : 0.172
TNS   : 0.000

Type  : Fast 1100mV 0C Model Minimum Pulse Width 'clk'
Slack : -0.077
TNS   : -0.379

------------------------------------------------------------
